// Jest Snapshot v1, https://goo.gl/fbAQLP

exports[`renders input component correctly 1`] = `
<View
  style={
    Object {
      "alignItems": "center",
      "backgroundColor": "#F8F8F8",
      "borderRadius": 5,
      "color": "#454545",
      "flexDirection": "row",
      "fontSize": 14,
      "height": 40,
      "lineHeight": 22,
      "marginBottom": 20,
      "paddingHorizontal": 10,
      "width": "80%",
    }
  }
>
  <Text
    allowFontScaling={false}
    style={
      Array [
        Object {
          "color": "#e9e9e9",
          "fontSize": 16,
        },
        undefined,
        Object {
          "fontFamily": "FontAwesome",
          "fontStyle": "normal",
          "fontWeight": "normal",
        },
        Object {},
      ]
    }
  >
    ï€‡
  </Text>
  <TextInput
    allowFontScaling={true}
    onChangeText={[Function]}
    placeholder="Artist"
    placeholderTextColor="#e9e9e9"
    rejectResponderTermination={true}
    secureTextEntry={false}
    style={
      Object {
        "color": "#454545",
        "flex": 1,
        "paddingLeft": 8,
      }
    }
    underlineColorAndroid="transparent"
    value="Coldplay"
  />
</View>
`;
