// Jest Snapshot v1, https://goo.gl/fbAQLP

exports[`renders button component correctly 1`] = `
<View
  accessible={true}
  focusable={false}
  onClick={[Function]}
  onResponderGrant={[Function]}
  onResponderMove={[Function]}
  onResponderRelease={[Function]}
  onResponderTerminate={[Function]}
  onResponderTerminationRequest={[Function]}
  onStartShouldSetResponder={[Function]}
  style={
    Object {
      "alignItems": "center",
      "backgroundColor": "#0682FE",
      "borderRadius": 5,
      "height": 40,
      "justifyContent": "center",
      "marginBottom": 10,
      "marginTop": 5,
      "opacity": 1,
      "width": "60%",
    }
  }
>
  <Text
    style={
      Object {
        "color": "#FFFFFF",
        "fontSize": 16,
        "lineHeight": 22,
      }
    }
  >
    Search
  </Text>
</View>
`;
